// Jest Snapshot v1, https://goo.gl/fbAQLP

exports[`should render ExpenseList with empty message 1`] = `
<div>
  <p>
    No expenses
  </p>
</div>
`;

exports[`should render expense list with expenses 1`] = `
<div>
  <ExpenseListItem
    amount={195}
    createdAt={0}
    description="gum"
    id="1"
    key="1"
    note=""
  />
  <ExpenseListItem
    amount={250}
    createdAt={-345600000}
    description="Double Decker"
    id="2"
    key="2"
    note=""
  />
  <ExpenseListItem
    amount={150}
    createdAt={345600000}
    description="Kit Kat"
    id="3"
    key="3"
    note=""
  />
</div>
`;
