// Jest Snapshot v1, https://goo.gl/fbAQLP

exports[`Should render not found page correctly 1`] = `
<div>
  <p>
    THIS IS A LOGIN PAGE
  </p>
  <button>
    Login
  </button>
</div>
`;
